cargo : warning: profiles for the non root package will be ignored, specify profiles at the workspace root:
At line:1 char:1
+ cargo build -p scheme-toolbox-lsp 2> build_output.txt
+ ~~~~~~~~~~~~~~~~~~~~~~~~~~~~~~~~~~~~~~~~~~~~~~~~~~~~~
    + CategoryInfo          : NotSpecified: (warning: profil...workspace root::String) [], RemoteException
    + FullyQualifiedErrorId : NativeCommandError
 
package:   D:\source\tools-scheme\lsp\Cargo.toml
workspace: D:\source\tools-scheme\Cargo.toml
   Compiling scheme-toolbox-lsp v0.1.0 (D:\source\tools-scheme\lsp)
warning: unused import: `TextDocumentContentChangeEvent`
 --> lsp\src\documents.rs:2:35
  |
2 | use lsp_types::{TextDocumentItem, TextDocumentContentChangeEvent};
  |                                   ^^^^^^^^^^^^^^^^^^^^^^^^^^^^^^
  |
  = note: `#[warn(unused_imports)]` (part of `#[warn(unused)]`) on by default

warning: unused import: `collections::HashMap`
  --> lsp\src\server.rs:14:11
   |
14 | use std::{collections::HashMap, str::FromStr};
   |           ^^^^^^^^^^^^^^^^^^^^

error[E0308]: mismatched types
  --> lsp\src\server.rs:55:54
   |
55 |         let diag_params = PublishDiagnosticsParams { uri, diagnostics, version };
   |                                                      ^^^ expected `Uri`, found `Url`

error[E0782]: expected a type, found a trait
  --> lsp\src\server.rs:56:19
   |
56 |         let not = Notification::new(PublishDiagnostics::METHOD.to_string(), diag_params);
   |                   ^^^^^^^^^^^^
   |
help: you can add the `dyn` keyword if you want a trait object
   |
56 |         let not = <dyn Notification>::new(PublishDiagnostics::METHOD.to_string(), diag_params);
   |                   ++++             +

error[E0308]: mismatched types
   --> lsp\src\server.rs:164:49
    |
164 |                         sender.send_diagnostics(uri.clone(), diagnostics, version);
    |                                ---------------- ^^^^^^^^^^^ expected `Url`, found `Uri`
    |                                |
    |                                arguments to this method are incorrect
    |
note: method defined here
   --> lsp\src\server.rs:48:8
    |
 48 |     fn send_diagnostics(&self, uri: Url, diagnostics: Vec<Diagnostic>, version: Option<i32>);
    |        ^^^^^^^^^^^^^^^^        ---

error[E0308]: mismatched types
   --> lsp\src\server.rs:177:49
    |
177 |                         sender.send_diagnostics(uri, diagnostics, version);
    |                                ---------------- ^^^ expected `Url`, found `Uri`
    |                                |
    |                                arguments to this method are incorrect
    |
note: method defined here
   --> lsp\src\server.rs:48:8
    |
 48 |     fn send_diagnostics(&self, uri: Url, diagnostics: Vec<Diagnostic>, version: Option<i32>);
    |        ^^^^^^^^^^^^^^^^        ---

Some errors have detailed explanations: E0308, E0782.
For more information about an error, try `rustc --explain E0308`.
warning: `scheme-toolbox-lsp` (lib) generated 2 warnings
error: could not compile `scheme-toolbox-lsp` (lib) due to 4 previous errors; 2 warnings emitted
